// Jest Snapshot v1, https://goo.gl/fbAQLP

exports[` 1`] = `
Object {
  "asFragment": [Function],
  "baseElement": <body>
    <div>
      <div
        class="flex flex-col md:flex-row bg-gray-900 md:mx-12 my-24 "
      >
        <div
          class="flex md:basis-1/2"
        >
          here
        </div>
        <div
          class="md:basis-1/2 p-8 md:p-10 lg:p-16 space-y-8 "
        >
          <div
            class="flex justify-start space-y-8"
          >
            <h3
              class="text-gray-600 uppercase font-medium lg:tracking-wide"
            >
              Who is Musinda Kadhuwa
            </h3>
          </div>
          <div
            class="flex flex-col md:flex-row space-y-6 md:space-y-0"
          >
            <span
              class="flex mx-auto h-12 w-12 md:w-20 md:h:14 lg:w-14 lg:h-14 bg-indigo-600 rounded-full md:mx-0 "
            />
            <h3
              class="flex font-medium text-gray-200 text-2xl md:text-4xl items-center ml-3"
            >
              A Bit More About Me
            </h3>
          </div>
          <div
            class="flex flex-col"
          >
            <span
              class="text-gray-300 font-light mb-8"
            >
              <p
                class="mb-4"
              >
                In the past 3 years I have been working as a Software Engineer(Web Developer) designing and developing fast and scalable APIs and responsive frontends.
              </p>
              <p />
            </span>
            <button
              class="w-24 rounded font-medium text-medium p-2 text-white bg-indigo-700"
            >
              More ...
            </button>
          </div>
        </div>
      </div>
    </div>
  </body>,
  "container": <div>
    <div
      class="flex flex-col md:flex-row bg-gray-900 md:mx-12 my-24 "
    >
      <div
        class="flex md:basis-1/2"
      >
        here
      </div>
      <div
        class="md:basis-1/2 p-8 md:p-10 lg:p-16 space-y-8 "
      >
        <div
          class="flex justify-start space-y-8"
        >
          <h3
            class="text-gray-600 uppercase font-medium lg:tracking-wide"
          >
            Who is Musinda Kadhuwa
          </h3>
        </div>
        <div
          class="flex flex-col md:flex-row space-y-6 md:space-y-0"
        >
          <span
            class="flex mx-auto h-12 w-12 md:w-20 md:h:14 lg:w-14 lg:h-14 bg-indigo-600 rounded-full md:mx-0 "
          />
          <h3
            class="flex font-medium text-gray-200 text-2xl md:text-4xl items-center ml-3"
          >
            A Bit More About Me
          </h3>
        </div>
        <div
          class="flex flex-col"
        >
          <span
            class="text-gray-300 font-light mb-8"
          >
            <p
              class="mb-4"
            >
              In the past 3 years I have been working as a Software Engineer(Web Developer) designing and developing fast and scalable APIs and responsive frontends.
            </p>
            <p />
          </span>
          <button
            class="w-24 rounded font-medium text-medium p-2 text-white bg-indigo-700"
          >
            More ...
          </button>
        </div>
      </div>
    </div>
  </div>,
  "debug": [Function],
  "findAllByAltText": [Function],
  "findAllByDisplayValue": [Function],
  "findAllByLabelText": [Function],
  "findAllByPlaceholderText": [Function],
  "findAllByRole": [Function],
  "findAllByTestId": [Function],
  "findAllByText": [Function],
  "findAllByTitle": [Function],
  "findByAltText": [Function],
  "findByDisplayValue": [Function],
  "findByLabelText": [Function],
  "findByPlaceholderText": [Function],
  "findByRole": [Function],
  "findByTestId": [Function],
  "findByText": [Function],
  "findByTitle": [Function],
  "getAllByAltText": [Function],
  "getAllByDisplayValue": [Function],
  "getAllByLabelText": [Function],
  "getAllByPlaceholderText": [Function],
  "getAllByRole": [Function],
  "getAllByTestId": [Function],
  "getAllByText": [Function],
  "getAllByTitle": [Function],
  "getByAltText": [Function],
  "getByDisplayValue": [Function],
  "getByLabelText": [Function],
  "getByPlaceholderText": [Function],
  "getByRole": [Function],
  "getByTestId": [Function],
  "getByText": [Function],
  "getByTitle": [Function],
  "queryAllByAltText": [Function],
  "queryAllByDisplayValue": [Function],
  "queryAllByLabelText": [Function],
  "queryAllByPlaceholderText": [Function],
  "queryAllByRole": [Function],
  "queryAllByTestId": [Function],
  "queryAllByText": [Function],
  "queryAllByTitle": [Function],
  "queryByAltText": [Function],
  "queryByDisplayValue": [Function],
  "queryByLabelText": [Function],
  "queryByPlaceholderText": [Function],
  "queryByRole": [Function],
  "queryByTestId": [Function],
  "queryByText": [Function],
  "queryByTitle": [Function],
  "rerender": [Function],
  "unmount": [Function],
}
`;
